### command: pnpm install --frozen-lockfile
### cwd: /Users/samir/workspace/pactwright-trial/reference
### started: 2026-09-21T22:26:19Z
Scope: all 2 workspace projects
✓ Lockfile passes supply-chain policies (verified 25d ago)
Lockfile is up to date, resolution step is skipped
Progress: resolved 1, reused 0, downloaded 0, added 0
Packages: +116
++++++++++++++++++++++++++++++++++++++++++++++++++++++++++++++++++++++++++++++++

   ╭─────────────────────────────────────────╮
   │                                         │
   │   Update available! 11.7.0 → 12.5.1.    │
   │   Changelog: https://pnpm.io/v/12.5.1   │
   │    To update, run: pnpm self-update     │
   │                                         │
   ╰─────────────────────────────────────────╯

Progress: resolved 116, reused 116, downloaded 0, added 116, done

dependencies:
+ @pactwright/standard 0.0.2 <- packages/standard
+ js-yaml 4.3.1

devDependencies:
+ @eslint/js 9.39.5
+ @types/js-yaml 4.0.9
+ @types/node 22.20.1
+ eslint 9.39.5
+ prettier 3.9.6
+ tsx 4.23.12
+ typescript 5.9.3
+ typescript-eslint 8.67.0

Done in 1.7s using pnpm v11.7.0
### exit=0 finished=2026-09-21T22:26:22Z
